
as12, an absolute assembler for Motorola MCU's, version 1.2h

                        
                        ;; DECLARACION DE ESTRUCTURAS DE DATOS
1000                    	        org $1000
                                
1000 0e                 L:              db 14
1001                    CANT4:          ds 1
1002                    OFDA:           ds 1            ; Offset DATOS
1003                    OFDI:           ds 1            ; Offset Div4
1004                    CONTADOR:       ds 1
                        
1100                                    org $1100
1100 05 34 0f 13 08 44  DATOS:          db $05,$34,$0f,$13,$08,$44,$29,$fe,$10,$20,$30,$99,$54,$ff
     29 fe 10 20 30 99
     54 ff
                        
1200                                    org $1200
1200                    DIV4:           ds 14
                        
                        ;; INICIO DE PROGRAMA
                        
1300                                    org $1300
1300 ce 11 00                           ldx #DATOS
1303 cd 12 00                           ldy #DIV4
1306 79 10 01                           clr CANT4
1309 79 10 02                           clr OFDA
130c 79 10 03                           clr OFDI
130f 79 10 04                           clr CONTADOR
                                        
1312 b6 10 04           check_fin       ldaa CONTADOR
1315 b1 10 00                           cmpa L
1318 27 1e                              beq fin
                                        
131a f6 10 02                           ldab OFDA
131d a6 e5                              ldaa b,x
131f 84 03                              anda #$03                 ; si los dos msb son 0, divisible
                                        
1321 26 0d                              bne contadores            ; check (R1) == 0
                                        
1323 b6 10 03                           ldaa OFDI
1326 18 0a e5 ec                        movb b,x a,y
132a 72 10 01                           inc CANT4
132d 72 10 03                           inc OFDI
                                        
1330 72 10 02           contadores      inc OFDA
1333 72 10 04                           inc CONTADOR
1336 20 da                              bra check_fin
                                        
1338 20 fe              fin             bra *

Executed: Thu Sep 26 22:16:22 2019
Total cycles: 63, Total bytes: 73
Total errors: 0, Total warnings: 0
